// Jest Snapshot v1, https://goo.gl/fbAQLP

exports[`renders correctly 1`] = `
<button
  className="py-2 px-3 inline-flex items-center whitespace-nowrap rounded-md text-sm font-medium ring-offset-white transition-colors focus-visible:outline-none focus-visible:ring-2 focus-visible:ring-slate-950 focus-visible:ring-offset-2 disabled:pointer-events-none disabled:opacity-50 dark:ring-offset-slate-950 dark:focus-visible:ring-slate-300 bg-primary-500 text-slate-50 hover:bg-primary-500/90 dark:bg-primary-500 dark:text-white dark:hover:bg-primary-500/90"
/>
`;
