// Jest Snapshot v1, https://goo.gl/fbAQLP

exports[`renders correctly 1`] = `
<div
  className="bg-surface-light-50 dark:bg-surface-dark-800 rounded-lg dark:border dark:border-primary-500/10 max-w-5xl mx-auto shadow-md"
/>
`;
