// Jest Snapshot v1, https://goo.gl/fbAQLP

exports[`renders correctly 1`] = `
<input
  className="flex w-full rounded-md border py-4 px-3 border-zinc-200 bg-white text-sm ring-offset-white file:border-0 file:bg-transparent file:text-sm file:font-medium placeholder:text-zinc-500 focus-visible:outline-none focus-visible:ring-2 focus-visible:ring-zinc-950 focus-visible:ring-offset-2 disabled:cursor-not-allowed disabled:opacity-50 dark:border-dre-100/20 dark:bg-dre-bg-dark dark:ring-offset-zinc-950 dark:placeholder:text-white/50 dark:focus-visible:ring-zinc-300"
/>
`;
