// Jest Snapshot v1, https://goo.gl/fbAQLP

exports[`renders correctly 1`] = `
<div
  className="shrink-0 bg-zinc-200 dark:bg-zinc-800 h-[1px] w-full"
  data-orientation="horizontal"
  role="none"
/>
`;
